127.0.0.1 - - [05/Mar/2024:09:53:17 +0900] "GET / HTTP/1.1" 404 807
0:0:0:0:0:0:0:1 - - [05/Mar/2024:09:53:20 +0900] "GET /hello/META-INF/hello.jsp HTTP/1.1" 404 721
0:0:0:0:0:0:0:1 - - [05/Mar/2024:09:53:21 +0900] "GET /favicon.ico HTTP/1.1" 404 818
0:0:0:0:0:0:0:1 - - [05/Mar/2024:09:54:06 +0900] "GET /hello/META-INF/hello.jsp HTTP/1.1" 404 721
0:0:0:0:0:0:0:1 - - [05/Mar/2024:09:54:13 +0900] "GET /hello/META-INF/hello.jsp HTTP/1.1" 404 721
0:0:0:0:0:0:0:1 - - [05/Mar/2024:09:54:29 +0900] "GET /hello/META-INF/hello.jsp HTTP/1.1" 404 721
0:0:0:0:0:0:0:1 - - [05/Mar/2024:09:54:30 +0900] "GET /favicon.ico HTTP/1.1" 404 818
0:0:0:0:0:0:0:1 - - [05/Mar/2024:09:54:46 +0900] "GET /hello/hello.jsp HTTP/1.1" 200 141
127.0.0.1 - - [05/Mar/2024:12:02:52 +0900] "GET / HTTP/1.1" 404 807
0:0:0:0:0:0:0:1 - - [05/Mar/2024:12:02:52 +0900] "GET /day1/hi.do HTTP/1.1" 200 15
0:0:0:0:0:0:0:1 - - [05/Mar/2024:12:03:50 +0900] "GET /day1/hi.do HTTP/1.1" 200 15
0:0:0:0:0:0:0:1 - - [05/Mar/2024:12:03:56 +0900] "GET /day1/hi.do HTTP/1.1" 200 15
127.0.0.1 - - [05/Mar/2024:12:25:43 +0900] "GET / HTTP/1.1" 404 807
0:0:0:0:0:0:0:1 - - [05/Mar/2024:12:25:43 +0900] "GET /day1/hap HTTP/1.1" 200 64
0:0:0:0:0:0:0:1 - - [05/Mar/2024:12:32:32 +0900] "GET /day1/hap HTTP/1.1" 200 64
127.0.0.1 - - [05/Mar/2024:12:33:36 +0900] "GET / HTTP/1.1" 404 807
0:0:0:0:0:0:0:1 - - [05/Mar/2024:12:33:37 +0900] "GET /day1/hi.do HTTP/1.1" 200 15
127.0.0.1 - - [05/Mar/2024:12:35:22 +0900] "GET / HTTP/1.1" 404 807
0:0:0:0:0:0:0:1 - - [05/Mar/2024:12:35:23 +0900] "GET /day1/hi.do HTTP/1.1" 200 7
127.0.0.1 - - [05/Mar/2024:12:37:40 +0900] "GET / HTTP/1.1" 404 807
0:0:0:0:0:0:0:1 - - [05/Mar/2024:12:37:41 +0900] "GET /day1/hap HTTP/1.1" 200 66
127.0.0.1 - - [05/Mar/2024:14:36:30 +0900] "GET / HTTP/1.1" 404 807
0:0:0:0:0:0:0:1 - - [05/Mar/2024:14:36:30 +0900] "GET /day1/servlet/day1.teacher.FirstServlet HTTP/1.1" 404 853
0:0:0:0:0:0:0:1 - - [05/Mar/2024:14:37:13 +0900] "GET /day1/acorn/hi.do HTTP/1.1" 200 9
0:0:0:0:0:0:0:1 - - [05/Mar/2024:14:50:45 +0900] "GET /day1/requestIinfo HTTP/1.1" 200 -
127.0.0.1 - - [05/Mar/2024:14:51:47 +0900] "GET / HTTP/1.1" 404 807
0:0:0:0:0:0:0:1 - - [05/Mar/2024:14:51:48 +0900] "GET /day1/requestIinfo HTTP/1.1" 200 -
0:0:0:0:0:0:0:1 - - [05/Mar/2024:14:52:47 +0900] "GET /day1/requestIinfo?name=ksj HTTP/1.1" 200 -
127.0.0.1 - - [05/Mar/2024:16:24:06 +0900] "GET / HTTP/1.1" 404 807
0:0:0:0:0:0:0:1 - - [05/Mar/2024:16:24:06 +0900] "GET /day1/login HTTP/1.1" 200 1443
127.0.0.1 - - [05/Mar/2024:17:20:44 +0900] "GET / HTTP/1.1" 404 807
0:0:0:0:0:0:0:1 - - [05/Mar/2024:17:20:45 +0900] "GET /day1/contentInfo HTTP/1.1" 200 302
127.0.0.1 - - [05/Mar/2024:17:21:38 +0900] "GET / HTTP/1.1" 404 807
0:0:0:0:0:0:0:1 - - [05/Mar/2024:17:21:39 +0900] "GET /day1/contentInfo HTTP/1.1" 200 302
127.0.0.1 - - [05/Mar/2024:17:22:04 +0900] "GET / HTTP/1.1" 404 807
0:0:0:0:0:0:0:1 - - [05/Mar/2024:17:22:05 +0900] "GET /day1/contentInfo HTTP/1.1" 200 302
127.0.0.1 - - [05/Mar/2024:17:24:37 +0900] "GET / HTTP/1.1" 404 807
0:0:0:0:0:0:0:1 - - [05/Mar/2024:17:24:38 +0900] "GET /day1/hap2 HTTP/1.1" 200 -
0:0:0:0:0:0:0:1 - - [05/Mar/2024:17:27:52 +0900] "GET /day1/hap2 HTTP/1.1" 200 -
127.0.0.1 - - [05/Mar/2024:17:28:36 +0900] "GET / HTTP/1.1" 404 807
0:0:0:0:0:0:0:1 - - [05/Mar/2024:17:28:36 +0900] "GET /day1/hap2 HTTP/1.1" 200 4
127.0.0.1 - - [05/Mar/2024:17:30:46 +0900] "GET / HTTP/1.1" 404 807
0:0:0:0:0:0:0:1 - - [05/Mar/2024:17:30:47 +0900] "GET /day1/hap2 HTTP/1.1" 500 1264
0:0:0:0:0:0:0:1 - - [05/Mar/2024:17:31:22 +0900] "GET /day1/hap2?num=15 HTTP/1.1" 200 5
0:0:0:0:0:0:0:1 - - [05/Mar/2024:17:31:33 +0900] "GET /day1/hap2?num=3 HTTP/1.1" 200 3
0:0:0:0:0:0:0:1 - - [05/Mar/2024:17:33:13 +0900] "GET /day1/hap2?num=3&num2=8 HTTP/1.1" 200 3
0:0:0:0:0:0:0:1 - - [05/Mar/2024:17:33:22 +0900] "GET /day1/hap2?num=3 HTTP/1.1" 200 3
0:0:0:0:0:0:0:1 - - [05/Mar/2024:17:34:49 +0900] "GET /day1/ex01 HTTP/1.1" 500 1303
127.0.0.1 - - [05/Mar/2024:17:35:01 +0900] "GET / HTTP/1.1" 404 807
0:0:0:0:0:0:0:1 - - [05/Mar/2024:17:35:02 +0900] "GET /day1/ex01 HTTP/1.1" 500 1303
0:0:0:0:0:0:0:1 - - [05/Mar/2024:17:35:33 +0900] "GET /day1/ex01 HTTP/1.1" 500 1303
127.0.0.1 - - [05/Mar/2024:17:40:28 +0900] "GET / HTTP/1.1" 404 807
0:0:0:0:0:0:0:1 - - [05/Mar/2024:17:40:28 +0900] "GET /day1/hap2 HTTP/1.1" 500 1264
0:0:0:0:0:0:0:1 - - [05/Mar/2024:17:40:31 +0900] "GET /day1/hap2 HTTP/1.1" 500 1264
0:0:0:0:0:0:0:1 - - [05/Mar/2024:17:40:32 +0900] "GET /day1/hap2 HTTP/1.1" 500 1264
0:0:0:0:0:0:0:1 - - [05/Mar/2024:17:40:33 +0900] "GET /day1/hap2 HTTP/1.1" 500 1264
0:0:0:0:0:0:0:1 - - [05/Mar/2024:17:47:52 +0900] "GET /day1/ex01?num=3&num2=6 HTTP/1.1" 500 1303
0:0:0:0:0:0:0:1 - - [05/Mar/2024:17:48:01 +0900] "GET /day1/ex01?num=3&num2=6 HTTP/1.1" 500 1303
0:0:0:0:0:0:0:1 - - [05/Mar/2024:17:48:04 +0900] "GET /day1/ex01?num=3&num2=6 HTTP/1.1" 500 1303
0:0:0:0:0:0:0:1 - - [05/Mar/2024:17:48:35 +0900] "GET /day1/ex01?su1=10&su2=8 HTTP/1.1" 200 55
